#-----------------------------------------------------------
# Vivado v2024.1 (64-bit)
# SW Build 5076996 on Wed May 22 18:37:14 MDT 2024
# IP Build 5075265 on Wed May 22 21:45:21 MDT 2024
# SharedData Build 5076995 on Wed May 22 18:29:18 MDT 2024
# Start of session at: Tue Dec 17 10:30:35 2024
# Process ID: 31264
# Current directory: C:/Users/elx22yz/Desktop/RFSoC/Vivado/VivadoFile/CAMC_24DMA_HPHPC/CAMC_24DMA_HPHPC.runs/design_1_xbar_5_synth_1
# Command line: vivado.exe -log design_1_xbar_5.vds -product Vivado -mode batch -messageDb vivado.pb -notrace -source design_1_xbar_5.tcl
# Log file: C:/Users/elx22yz/Desktop/RFSoC/Vivado/VivadoFile/CAMC_24DMA_HPHPC/CAMC_24DMA_HPHPC.runs/design_1_xbar_5_synth_1/design_1_xbar_5.vds
# Journal file: C:/Users/elx22yz/Desktop/RFSoC/Vivado/VivadoFile/CAMC_24DMA_HPHPC/CAMC_24DMA_HPHPC.runs/design_1_xbar_5_synth_1\vivado.jou
# Running On        :UOS4CD717A76674
# Platform          :Windows Server 2016 or Windows 10
# Operating System  :22631
# Processor Detail  :Intel(R) Core(TM) i9-14900
# CPU Frequency     :1997 MHz
# CPU Physical cores:24
# CPU Logical cores :32
# Host memory       :34031 MB
# Swap memory       :90766 MB
# Total Virtual     :124797 MB
# Available Virtual :18116 MB
#-----------------------------------------------------------
source design_1_xbar_5.tcl -notrace
