#-----------------------------------------------------------
# Vivado v2024.1 (64-bit)
# SW Build 5076996 on Wed May 22 18:37:14 MDT 2024
# IP Build 5075265 on Wed May 22 21:45:21 MDT 2024
# SharedData Build 5076995 on Wed May 22 18:29:18 MDT 2024
# Start of session at: Mon Dec 16 16:01:14 2024
# Process ID: 21348
# Current directory: C:/Users/elx22yz/Desktop/RFSoC/Vivado/VivadoFile/CAMC_Full_128/CAMC_Full_128.runs/design_1_CAMC_0_67_synth_1
# Command line: vivado.exe -log design_1_CAMC_0_67.vds -product Vivado -mode batch -messageDb vivado.pb -notrace -source design_1_CAMC_0_67.tcl
# Log file: C:/Users/elx22yz/Desktop/RFSoC/Vivado/VivadoFile/CAMC_Full_128/CAMC_Full_128.runs/design_1_CAMC_0_67_synth_1/design_1_CAMC_0_67.vds
# Journal file: C:/Users/elx22yz/Desktop/RFSoC/Vivado/VivadoFile/CAMC_Full_128/CAMC_Full_128.runs/design_1_CAMC_0_67_synth_1\vivado.jou
# Running On        :UOS4CD717A76674
# Platform          :Windows Server 2016 or Windows 10
# Operating System  :22631
# Processor Detail  :Intel(R) Core(TM) i9-14900
# CPU Frequency     :1997 MHz
# CPU Physical cores:24
# CPU Logical cores :32
# Host memory       :34031 MB
# Swap memory       :68557 MB
# Total Virtual     :102588 MB
# Available Virtual :15849 MB
#-----------------------------------------------------------
source design_1_CAMC_0_67.tcl -notrace
